=== deno run -A --no-prompt ===
{"name":"clone_number","iters":1000000,"ms":"3288.69","ns_per_op":"3288.7"}
{"name":"clone_short_string","iters":1000000,"ms":"3551.01","ns_per_op":"3551.0"}
{"name":"clone_boolean","iters":1000000,"ms":"3008.84","ns_per_op":"3008.8"}
{"name":"clone_empty_obj","iters":200000,"ms":"805.75","ns_per_op":"4028.7"}
{"name":"clone_small_obj","iters":200000,"ms":"1040.22","ns_per_op":"5201.1"}
{"name":"clone_medium_obj","iters":20000,"ms":"235.11","ns_per_op":"11755.7"}
{"name":"clone_array_1000_nums","iters":20000,"ms":"1416.11","ns_per_op":"70805.4"}
{"name":"clone_array_1000_strs","iters":20000,"ms":"3433.03","ns_per_op":"171651.5"}
{"name":"clone_map_100","iters":20000,"ms":"1230.55","ns_per_op":"61527.7"}
{"name":"clone_u8_256","iters":200000,"ms":"1303.97","ns_per_op":"6519.8"}
{"name":"clone_u8_64k","iters":20000,"ms":"1317.96","ns_per_op":"65898.0"}
{"name":"clone_u8_1m","iters":200,"ms":"84.31","ns_per_op":"421564.4"}
{"name":"clone_ab_64k","iters":20000,"ms":"598.94","ns_per_op":"29946.9"}
{"name":"clone_dv_64k","iters":20000,"ms":"625.03","ns_per_op":"31251.3"}
{"name":"clone_file_meta","iters":20000,"ms":"204.06","ns_per_op":"10203.0"}
=== node-v22.13.1-linux-x64/bin/node ===
{"name":"clone_number","iters":1000000,"ms":"1079.00","ns_per_op":"1079.0"}
{"name":"clone_short_string","iters":1000000,"ms":"1171.30","ns_per_op":"1171.3"}
{"name":"clone_boolean","iters":1000000,"ms":"1049.92","ns_per_op":"1049.9"}
{"name":"clone_empty_obj","iters":200000,"ms":"419.68","ns_per_op":"2098.4"}
{"name":"clone_small_obj","iters":200000,"ms":"597.57","ns_per_op":"2987.9"}
{"name":"clone_medium_obj","iters":20000,"ms":"191.72","ns_per_op":"9586.0"}
{"name":"clone_array_1000_nums","iters":20000,"ms":"1505.15","ns_per_op":"75257.7"}
{"name":"clone_array_1000_strs","iters":20000,"ms":"3054.39","ns_per_op":"152719.6"}
{"name":"clone_map_100","iters":20000,"ms":"1023.60","ns_per_op":"51180.1"}
{"name":"clone_u8_256","iters":200000,"ms":"966.76","ns_per_op":"4833.8"}
{"name":"clone_u8_64k","iters":20000,"ms":"634.30","ns_per_op":"31714.8"}
{"name":"clone_u8_1m","iters":200,"ms":"98.90","ns_per_op":"494491.6"}
{"name":"clone_ab_64k","iters":20000,"ms":"611.46","ns_per_op":"30573.2"}
{"name":"clone_dv_64k","iters":20000,"ms":"640.54","ns_per_op":"32027.0"}
{"name":"clone_file_meta","iters":20000,"ms":"172.58","ns_per_op":"8628.8"}
=== node-v23.7.0-linux-x64/bin/node ===
{"name":"clone_number","iters":1000000,"ms":"1051.98","ns_per_op":"1052.0"}
{"name":"clone_short_string","iters":1000000,"ms":"1212.84","ns_per_op":"1212.8"}
{"name":"clone_boolean","iters":1000000,"ms":"1094.84","ns_per_op":"1094.8"}
{"name":"clone_empty_obj","iters":200000,"ms":"407.30","ns_per_op":"2036.5"}
{"name":"clone_small_obj","iters":200000,"ms":"581.26","ns_per_op":"2906.3"}
{"name":"clone_medium_obj","iters":20000,"ms":"187.58","ns_per_op":"9379.1"}
{"name":"clone_array_1000_nums","iters":20000,"ms":"1415.97","ns_per_op":"70798.3"}
{"name":"clone_array_1000_strs","iters":20000,"ms":"2989.63","ns_per_op":"149481.3"}
{"name":"clone_map_100","iters":20000,"ms":"948.06","ns_per_op":"47403.0"}
{"name":"clone_u8_256","iters":200000,"ms":"989.60","ns_per_op":"4948.0"}
{"name":"clone_u8_64k","iters":20000,"ms":"533.76","ns_per_op":"26687.8"}
{"name":"clone_u8_1m","iters":200,"ms":"130.82","ns_per_op":"654108.7"}
{"name":"clone_ab_64k","iters":20000,"ms":"510.46","ns_per_op":"25523.2"}
{"name":"clone_dv_64k","iters":20000,"ms":"532.68","ns_per_op":"26634.1"}
{"name":"clone_file_meta","iters":20000,"ms":"165.80","ns_per_op":"8289.8"}
=== bun-linux-x64/bun ===
{"name":"clone_number","iters":1000000,"ms":"280.49","ns_per_op":"280.5"}
{"name":"clone_short_string","iters":1000000,"ms":"573.69","ns_per_op":"573.7"}
{"name":"clone_boolean","iters":1000000,"ms":"280.45","ns_per_op":"280.5"}
{"name":"clone_empty_obj","iters":200000,"ms":"134.17","ns_per_op":"670.8"}
{"name":"clone_small_obj","iters":200000,"ms":"306.13","ns_per_op":"1530.7"}
{"name":"clone_medium_obj","iters":20000,"ms":"157.47","ns_per_op":"7873.4"}
{"name":"clone_array_1000_nums","iters":20000,"ms":"1569.14","ns_per_op":"78457.2"}
{"name":"clone_array_1000_strs","iters":20000,"ms":"5174.98","ns_per_op":"258749.2"}
{"name":"clone_map_100","iters":20000,"ms":"892.15","ns_per_op":"44607.3"}
{"name":"clone_u8_256","iters":200000,"ms":"369.13","ns_per_op":"1845.6"}
{"name":"clone_u8_64k","iters":20000,"ms":"544.78","ns_per_op":"27238.9"}
{"name":"clone_u8_1m","iters":200,"ms":"101.49","ns_per_op":"507428.2"}
{"name":"clone_ab_64k","iters":20000,"ms":"494.25","ns_per_op":"24712.7"}
{"name":"clone_dv_64k","iters":20000,"ms":"474.78","ns_per_op":"23739.1"}
{"name":"clone_file_meta","iters":20000,"ms":"145.28","ns_per_op":"7264.2"}
